the `lang_code_to_id` attribute is deprecated. The logic is natively handled in the `tokenizer.adder_tokens_decoder` this attribute will be removed in `transformers` v4.38
======================================================================
  ÉVALUATION DES BASELINES (Étape 3)
  Device : mps
======================================================================

🔹 Chargement de NLLB-1.3B Zéro-Shot...
  → Évaluation Zéro-shot...
    [Val V2 - FR -> DYU] Lot 1/30 traité (16/470)...
    [Val V2 - FR -> DYU] Lot 2/30 traité (32/470)...
    [Val V2 - FR -> DYU] Lot 3/30 traité (48/470)...
    [Val V2 - FR -> DYU] Lot 4/30 traité (64/470)...
    [Val V2 - FR -> DYU] Lot 5/30 traité (80/470)...
    [Val V2 - FR -> DYU] Lot 6/30 traité (96/470)...
    [Val V2 - FR -> DYU] Lot 7/30 traité (112/470)...
    [Val V2 - FR -> DYU] Lot 8/30 traité (128/470)...
    [Val V2 - FR -> DYU] Lot 9/30 traité (144/470)...
    [Val V2 - FR -> DYU] Lot 10/30 traité (160/470)...
    [Val V2 - FR -> DYU] Lot 11/30 traité (176/470)...
    [Val V2 - FR -> DYU] Lot 12/30 traité (192/470)...
    [Val V2 - FR -> DYU] Lot 13/30 traité (208/470)...
    [Val V2 - FR -> DYU] Lot 14/30 traité (224/470)...
    [Val V2 - FR -> DYU] Lot 15/30 traité (240/470)...
    [Val V2 - FR -> DYU] Lot 16/30 traité (256/470)...
    [Val V2 - FR -> DYU] Lot 17/30 traité (272/470)...
    [Val V2 - FR -> DYU] Lot 18/30 traité (288/470)...
    [Val V2 - FR -> DYU] Lot 19/30 traité (304/470)...
    [Val V2 - FR -> DYU] Lot 20/30 traité (320/470)...
    [Val V2 - FR -> DYU] Lot 21/30 traité (336/470)...
    [Val V2 - FR -> DYU] Lot 22/30 traité (352/470)...
    [Val V2 - FR -> DYU] Lot 23/30 traité (368/470)...
    [Val V2 - FR -> DYU] Lot 24/30 traité (384/470)...
    [Val V2 - FR -> DYU] Lot 25/30 traité (400/470)...
    [Val V2 - FR -> DYU] Lot 26/30 traité (416/470)...
    [Val V2 - FR -> DYU] Lot 27/30 traité (432/470)...
    [Val V2 - FR -> DYU] Lot 28/30 traité (448/470)...
    [Val V2 - FR -> DYU] Lot 29/30 traité (464/470)...
    [Val V2 - FR -> DYU] Lot 30/30 traité (470/470)...
    [Val V2 - DYU -> FR] Lot 1/30 traité (16/470)...
    [Val V2 - DYU -> FR] Lot 2/30 traité (32/470)...
    [Val V2 - DYU -> FR] Lot 3/30 traité (48/470)...
    [Val V2 - DYU -> FR] Lot 4/30 traité (64/470)...
    [Val V2 - DYU -> FR] Lot 5/30 traité (80/470)...
    [Val V2 - DYU -> FR] Lot 6/30 traité (96/470)...
    [Val V2 - DYU -> FR] Lot 7/30 traité (112/470)...
    [Val V2 - DYU -> FR] Lot 8/30 traité (128/470)...
    [Val V2 - DYU -> FR] Lot 9/30 traité (144/470)...
    [Val V2 - DYU -> FR] Lot 10/30 traité (160/470)...
    [Val V2 - DYU -> FR] Lot 11/30 traité (176/470)...
    [Val V2 - DYU -> FR] Lot 12/30 traité (192/470)...
    [Val V2 - DYU -> FR] Lot 13/30 traité (208/470)...
    [Val V2 - DYU -> FR] Lot 14/30 traité (224/470)...
    [Val V2 - DYU -> FR] Lot 15/30 traité (240/470)...
    [Val V2 - DYU -> FR] Lot 16/30 traité (256/470)...
    [Val V2 - DYU -> FR] Lot 17/30 traité (272/470)...
    [Val V2 - DYU -> FR] Lot 18/30 traité (288/470)...
    [Val V2 - DYU -> FR] Lot 19/30 traité (304/470)...
    [Val V2 - DYU -> FR] Lot 20/30 traité (320/470)...
    [Val V2 - DYU -> FR] Lot 21/30 traité (336/470)...
    [Val V2 - DYU -> FR] Lot 22/30 traité (352/470)...
    [Val V2 - DYU -> FR] Lot 23/30 traité (368/470)...
    [Val V2 - DYU -> FR] Lot 24/30 traité (384/470)...
    [Val V2 - DYU -> FR] Lot 25/30 traité (400/470)...
    [Val V2 - DYU -> FR] Lot 26/30 traité (416/470)...
    [Val V2 - DYU -> FR] Lot 27/30 traité (432/470)...
    [Val V2 - DYU -> FR] Lot 28/30 traité (448/470)...
    [Val V2 - DYU -> FR] Lot 29/30 traité (464/470)...
    [Val V2 - DYU -> FR] Lot 30/30 traité (470/470)...
    [Test Sacré - FR -> DYU] Lot 1/9 traité (16/144)...
    [Test Sacré - FR -> DYU] Lot 2/9 traité (32/144)...
    [Test Sacré - FR -> DYU] Lot 3/9 traité (48/144)...
    [Test Sacré - FR -> DYU] Lot 4/9 traité (64/144)...
    [Test Sacré - FR -> DYU] Lot 5/9 traité (80/144)...
    [Test Sacré - FR -> DYU] Lot 6/9 traité (96/144)...
    [Test Sacré - FR -> DYU] Lot 7/9 traité (112/144)...
    [Test Sacré - FR -> DYU] Lot 8/9 traité (128/144)...
    [Test Sacré - FR -> DYU] Lot 9/9 traité (144/144)...
    [Test Sacré - DYU -> FR] Lot 1/9 traité (16/144)...
    [Test Sacré - DYU -> FR] Lot 2/9 traité (32/144)...
    [Test Sacré - DYU -> FR] Lot 3/9 traité (48/144)...
    [Test Sacré - DYU -> FR] Lot 4/9 traité (64/144)...
    [Test Sacré - DYU -> FR] Lot 5/9 traité (80/144)...
    [Test Sacré - DYU -> FR] Lot 6/9 traité (96/144)...
    [Test Sacré - DYU -> FR] Lot 7/9 traité (112/144)...
    [Test Sacré - DYU -> FR] Lot 8/9 traité (128/144)...
    [Test Sacré - DYU -> FR] Lot 9/9 traité (144/144)...

🔹 Chargement de l'adaptateur LoRA v1...
  → Évaluation Adaptateur v1...
    [Val V2 - FR -> DYU] Lot 1/30 traité (16/470)...
    [Val V2 - FR -> DYU] Lot 2/30 traité (32/470)...
    [Val V2 - FR -> DYU] Lot 3/30 traité (48/470)...
    [Val V2 - FR -> DYU] Lot 4/30 traité (64/470)...
    [Val V2 - FR -> DYU] Lot 5/30 traité (80/470)...
    [Val V2 - FR -> DYU] Lot 6/30 traité (96/470)...
    [Val V2 - FR -> DYU] Lot 7/30 traité (112/470)...
    [Val V2 - FR -> DYU] Lot 8/30 traité (128/470)...
    [Val V2 - FR -> DYU] Lot 9/30 traité (144/470)...
    [Val V2 - FR -> DYU] Lot 10/30 traité (160/470)...
    [Val V2 - FR -> DYU] Lot 11/30 traité (176/470)...
    [Val V2 - FR -> DYU] Lot 12/30 traité (192/470)...
    [Val V2 - FR -> DYU] Lot 13/30 traité (208/470)...
    [Val V2 - FR -> DYU] Lot 14/30 traité (224/470)...
    [Val V2 - FR -> DYU] Lot 15/30 traité (240/470)...
    [Val V2 - FR -> DYU] Lot 16/30 traité (256/470)...
    [Val V2 - FR -> DYU] Lot 17/30 traité (272/470)...
    [Val V2 - FR -> DYU] Lot 18/30 traité (288/470)...
    [Val V2 - FR -> DYU] Lot 19/30 traité (304/470)...
    [Val V2 - FR -> DYU] Lot 20/30 traité (320/470)...
    [Val V2 - FR -> DYU] Lot 21/30 traité (336/470)...
    [Val V2 - FR -> DYU] Lot 22/30 traité (352/470)...
    [Val V2 - FR -> DYU] Lot 23/30 traité (368/470)...
    [Val V2 - FR -> DYU] Lot 24/30 traité (384/470)...
    [Val V2 - FR -> DYU] Lot 25/30 traité (400/470)...
    [Val V2 - FR -> DYU] Lot 26/30 traité (416/470)...
    [Val V2 - FR -> DYU] Lot 27/30 traité (432/470)...
    [Val V2 - FR -> DYU] Lot 28/30 traité (448/470)...
    [Val V2 - FR -> DYU] Lot 29/30 traité (464/470)...
    [Val V2 - FR -> DYU] Lot 30/30 traité (470/470)...
    [Val V2 - DYU -> FR] Lot 1/30 traité (16/470)...
    [Val V2 - DYU -> FR] Lot 2/30 traité (32/470)...
    [Val V2 - DYU -> FR] Lot 3/30 traité (48/470)...
    [Val V2 - DYU -> FR] Lot 4/30 traité (64/470)...
    [Val V2 - DYU -> FR] Lot 5/30 traité (80/470)...
    [Val V2 - DYU -> FR] Lot 6/30 traité (96/470)...
    [Val V2 - DYU -> FR] Lot 7/30 traité (112/470)...
    [Val V2 - DYU -> FR] Lot 8/30 traité (128/470)...
    [Val V2 - DYU -> FR] Lot 9/30 traité (144/470)...
    [Val V2 - DYU -> FR] Lot 10/30 traité (160/470)...
    [Val V2 - DYU -> FR] Lot 11/30 traité (176/470)...
    [Val V2 - DYU -> FR] Lot 12/30 traité (192/470)...
    [Val V2 - DYU -> FR] Lot 13/30 traité (208/470)...
    [Val V2 - DYU -> FR] Lot 14/30 traité (224/470)...
    [Val V2 - DYU -> FR] Lot 15/30 traité (240/470)...
    [Val V2 - DYU -> FR] Lot 16/30 traité (256/470)...
    [Val V2 - DYU -> FR] Lot 17/30 traité (272/470)...
    [Val V2 - DYU -> FR] Lot 18/30 traité (288/470)...
    [Val V2 - DYU -> FR] Lot 19/30 traité (304/470)...
    [Val V2 - DYU -> FR] Lot 20/30 traité (320/470)...
    [Val V2 - DYU -> FR] Lot 21/30 traité (336/470)...
    [Val V2 - DYU -> FR] Lot 22/30 traité (352/470)...
    [Val V2 - DYU -> FR] Lot 23/30 traité (368/470)...
    [Val V2 - DYU -> FR] Lot 24/30 traité (384/470)...
    [Val V2 - DYU -> FR] Lot 25/30 traité (400/470)...
    [Val V2 - DYU -> FR] Lot 26/30 traité (416/470)...
    [Val V2 - DYU -> FR] Lot 27/30 traité (432/470)...
    [Val V2 - DYU -> FR] Lot 28/30 traité (448/470)...
    [Val V2 - DYU -> FR] Lot 29/30 traité (464/470)...
    [Val V2 - DYU -> FR] Lot 30/30 traité (470/470)...
    [Test Sacré - FR -> DYU] Lot 1/9 traité (16/144)...
    [Test Sacré - FR -> DYU] Lot 2/9 traité (32/144)...
    [Test Sacré - FR -> DYU] Lot 3/9 traité (48/144)...
    [Test Sacré - FR -> DYU] Lot 4/9 traité (64/144)...
    [Test Sacré - FR -> DYU] Lot 5/9 traité (80/144)...
    [Test Sacré - FR -> DYU] Lot 6/9 traité (96/144)...
    [Test Sacré - FR -> DYU] Lot 7/9 traité (112/144)...
    [Test Sacré - FR -> DYU] Lot 8/9 traité (128/144)...
    [Test Sacré - FR -> DYU] Lot 9/9 traité (144/144)...
    [Test Sacré - DYU -> FR] Lot 1/9 traité (16/144)...
    [Test Sacré - DYU -> FR] Lot 2/9 traité (32/144)...
    [Test Sacré - DYU -> FR] Lot 3/9 traité (48/144)...
    [Test Sacré - DYU -> FR] Lot 4/9 traité (64/144)...
    [Test Sacré - DYU -> FR] Lot 5/9 traité (80/144)...
    [Test Sacré - DYU -> FR] Lot 6/9 traité (96/144)...
    [Test Sacré - DYU -> FR] Lot 7/9 traité (112/144)...
    [Test Sacré - DYU -> FR] Lot 8/9 traité (128/144)...
    [Test Sacré - DYU -> FR] Lot 9/9 traité (144/144)...

======================================================================
  TABLEAU DES BASELINES (Étape 3)
======================================================================
          Modèle    Dataset Direction  chrF++  BLEU  Échantillons
  NLLB Zéro-Shot     Val V2 FR -> DYU   61.87 44.63           470
  NLLB Zéro-Shot     Val V2 DYU -> FR   53.53 30.52           470
  NLLB Zéro-Shot Test Sacré FR -> DYU   33.76 12.03           144
  NLLB Zéro-Shot Test Sacré DYU -> FR   38.79 17.30           144
LoRA v1 (Actuel)     Val V2 FR -> DYU   63.05 45.84           470
LoRA v1 (Actuel)     Val V2 DYU -> FR   54.23 31.27           470
LoRA v1 (Actuel) Test Sacré FR -> DYU   44.24 29.14           144
LoRA v1 (Actuel) Test Sacré DYU -> FR   41.92 19.71           144

💾 Résultats détaillés enregistrés dans : /Users/oda_51/Downloads/kouman_AI/data/baselines_results.tsv
======================================================================
